BL51 BANKED LINKER/LOCATER V6.22                                                        05/21/2025  18:59:20  PAGE 1


BL51 BANKED LINKER/LOCATER V6.22, INVOKED BY:
F:\KEIL5\CORE\C51\BIN\BL51.EXE .\Objects\实验6.obj, .\Objects\lcd.obj TO .\Objects\实验6 PRINT (.\Listings\实验6.m51) RA
>> MSIZE (256)


MEMORY MODEL: SMALL


INPUT MODULES INCLUDED:
  .\Objects\实验6.obj (____6)
  .\Objects\lcd.obj (LCD)
  F:\KEIL5\CORE\C51\LIB\C51S.LIB (?C_STARTUP)
  F:\KEIL5\CORE\C51\LIB\C51S.LIB (?C?CLDOPTR)


LINK MAP OF MODULE:  .\Objects\实验6 (____6)


            TYPE    BASE      LENGTH    RELOCATION   SEGMENT NAME
            -----------------------------------------------------

            * * * * * * *   D A T A   M E M O R Y   * * * * * * *
            REG     0000H     0008H     ABSOLUTE     "REG BANK 0"
            DATA    0008H     0007H     UNIT         _DATA_GROUP_
            IDATA   000FH     0001H     UNIT         ?STACK

            * * * * * * *   C O D E   M E M O R Y   * * * * * * *
            CODE    0000H     0003H     ABSOLUTE     
                    0003H     07FDH                  *** GAP ***
            CODE    0800H     00A0H     UNIT         ?CO?____6
            CODE    08A0H     0070H     UNIT         ?PR?MAIN?____6
            CODE    0910H     0058H     UNIT         ?PR?_DISPLAY_CHAR?LCD
            CODE    0968H     0058H     UNIT         ?PR?_LCD_SHOWSTRING?LCD
            CODE    09C0H     002DH     UNIT         ?C?LIB_CODE
            CODE    09EDH     0024H     UNIT         ?PR?LCD_INIT?LCD
            CODE    0A11H     001DH     UNIT         ?PR?_WRITEDATA?LCD
            CODE    0A2EH     001CH     UNIT         ?PR?_DELAY?LCD
            CODE    0A4AH     001AH     UNIT         ?PR?_SELECTSCREEN?LCD
            CODE    0A64H     0017H     UNIT         ?PR?CHECKBUSY?LCD
            CODE    0A7BH     0016H     UNIT         ?PR?_WRITECOMMAND?LCD
            CODE    0A91H     000CH     UNIT         ?PR?LCD_CLEARSCREEN?LCD
            CODE    0A9DH     000CH     UNIT         ?C_C51STARTUP
            CODE    0AA9H     0006H     UNIT         ?PR?_SETPAGE?LCD
            CODE    0AAFH     0006H     UNIT         ?PR?_SETCOLUMN?LCD



OVERLAY MAP OF MODULE:   .\Objects\实验6 (____6)


SEGMENT                           DATA_GROUP 
  +--> CALLED SEGMENT           START    LENGTH
-----------------------------------------------
?C_C51STARTUP                   -----    -----
  +--> ?PR?MAIN?____6

?PR?MAIN?____6                  -----    -----
  +--> ?PR?LCD_INIT?LCD
BL51 BANKED LINKER/LOCATER V6.22                                                      05/21/2025  18:59:20  PAGE 2


  +--> ?CO?____6
  +--> ?PR?_LCD_SHOWSTRING?LCD
  +--> ?PR?_DISPLAY_CHAR?LCD

?PR?LCD_INIT?LCD                -----    -----
  +--> ?PR?CHECKBUSY?LCD
  +--> ?PR?_DELAY?LCD
  +--> ?PR?_SELECTSCREEN?LCD
  +--> ?PR?_WRITECOMMAND?LCD

?PR?CHECKBUSY?LCD               -----    -----
  +--> ?PR?_DELAY?LCD

?PR?_WRITECOMMAND?LCD           -----    -----
  +--> ?PR?CHECKBUSY?LCD
  +--> ?PR?_DELAY?LCD

?PR?_LCD_SHOWSTRING?LCD         0008H    0007H
  +--> ?PR?_SELECTSCREEN?LCD
  +--> ?PR?_SETPAGE?LCD
  +--> ?PR?_SETCOLUMN?LCD
  +--> ?PR?_WRITEDATA?LCD

?PR?_SETPAGE?LCD                -----    -----
  +--> ?PR?_WRITECOMMAND?LCD

?PR?_SETCOLUMN?LCD              -----    -----
  +--> ?PR?_WRITECOMMAND?LCD

?PR?_WRITEDATA?LCD              -----    -----
  +--> ?PR?CHECKBUSY?LCD
  +--> ?PR?_DELAY?LCD

?PR?_DISPLAY_CHAR?LCD           0008H    0007H
  +--> ?PR?_SELECTSCREEN?LCD
  +--> ?PR?_SETPAGE?LCD
  +--> ?PR?_SETCOLUMN?LCD
  +--> ?PR?_WRITEDATA?LCD



SYMBOL TABLE OF MODULE:  .\Objects\实验6 (____6)

  VALUE           TYPE          NAME
  ----------------------------------

  -------         MODULE        ____6
  C:0000H         SYMBOL        _ICE_DUMMY_
  C:0880H         PUBLIC        ch4
  D:00A0H         PUBLIC        P2
  C:08A0H         PUBLIC        main
  C:0800H         PUBLIC        ch1
  -------         PROC          MAIN
  C:08A0H         LINE#         36
  C:08A0H         LINE#         37
  C:08A0H         LINE#         38
  C:08A3H         LINE#         39
BL51 BANKED LINKER/LOCATER V6.22                                                      05/21/2025  18:59:20  PAGE 3


  C:08A3H         LINE#         40
  C:08A3H         LINE#         41
  C:08B4H         LINE#         42
  C:08C6H         LINE#         44
  C:08D8H         LINE#         45
  C:08EAH         LINE#         46
  C:08FCH         LINE#         47
  C:090EH         LINE#         48
  -------         ENDPROC       MAIN
  -------         ENDMOD        ____6

  -------         MODULE        LCD
  C:0000H         SYMBOL        _ICE_DUMMY_
  D:0080H         PUBLIC        P0
  D:00A0H         PUBLIC        P2
  C:0A91H         PUBLIC        LCD_ClearScreen
  C:0A64H         PUBLIC        CheckBusy
  C:0A18H         PUBLIC        _WriteData
  C:0AAFH         PUBLIC        _SetColumn
  B:00A0H.4       PUBLIC        RS
  B:00A0H.3       PUBLIC        RW
  C:0AA9H         PUBLIC        _SetPage
  B:00A0H.2       PUBLIC        E
  B:00A0H.5       PUBLIC        CS1
  C:0A4AH         PUBLIC        _SelectScreen
  B:00A0H.6       PUBLIC        CS2
  C:09EDH         PUBLIC        LCD_Init
  C:0A7BH         PUBLIC        _WriteCommand
  C:0968H         PUBLIC        _LCD_ShowString
  C:0910H         PUBLIC        _Display_char
  C:0A35H         PUBLIC        _Delay
  C:0A31H         SYMBOL        L?0041
  -------         PROC          L?0040
  -------         ENDPROC       L?0040
  C:0A31H         SYMBOL        L?0041
  -------         PROC          _DELAY
  D:0006H         SYMBOL        xms
  -------         DO            
  D:0005H         SYMBOL        i
  D:0004H         SYMBOL        j
  -------         ENDDO         
  C:0A35H         LINE#         7
  C:0A35H         LINE#         8
  C:0A35H         LINE#         10
  C:0A3FH         LINE#         11
  C:0A3FH         LINE#         12
  C:0A41H         LINE#         13
  C:0A43H         LINE#         15
  C:0A43H         LINE#         16
  C:0A45H         LINE#         17
  C:0A47H         LINE#         18
  C:0A49H         LINE#         19
  -------         ENDPROC       _DELAY
  -------         PROC          CHECKBUSY
  C:0A64H         LINE#         22
  C:0A64H         LINE#         23
  C:0A64H         LINE#         24
BL51 BANKED LINKER/LOCATER V6.22                                                      05/21/2025  18:59:20  PAGE 4


  C:0A67H         LINE#         25
  C:0A69H         LINE#         26
  C:0A6BH         LINE#         27
  C:0A6DH         LINE#         28
  C:0A73H         LINE#         29
  C:0A78H         LINE#         30
  C:0A7AH         LINE#         31
  -------         ENDPROC       CHECKBUSY
  -------         PROC          _WRITECOMMAND
  D:0003H         SYMBOL        cmd
  C:0A7BH         LINE#         34
  C:0A7DH         LINE#         35
  C:0A7DH         LINE#         36
  C:0A80H         LINE#         37
  C:0A82H         LINE#         38
  C:0A84H         LINE#         39
  C:0A86H         LINE#         40
  C:0A88H         LINE#         41
  C:0A8AH         LINE#         42
  -------         ENDPROC       _WRITECOMMAND
  C:0A14H         SYMBOL        L?0043
  -------         PROC          L?0042
  -------         ENDPROC       L?0042
  C:0A14H         SYMBOL        L?0043
  -------         PROC          _WRITEDATA
  D:0003H         SYMBOL        dat
  C:0A18H         LINE#         46
  C:0A1AH         LINE#         47
  C:0A1AH         LINE#         48
  C:0A1DH         LINE#         49
  C:0A1FH         LINE#         50
  C:0A21H         LINE#         51
  C:0A23H         LINE#         52
  C:0A25H         LINE#         53
  C:0A27H         LINE#         54
  -------         ENDPROC       _WRITEDATA
  -------         PROC          _SETPAGE
  D:0007H         SYMBOL        page
  C:0AA9H         LINE#         58
  C:0AA9H         LINE#         59
  C:0AA9H         LINE#         60
  C:0AACH         LINE#         61
  -------         ENDPROC       _SETPAGE
  -------         PROC          _SETCOLUMN
  D:0007H         SYMBOL        column
  C:0AAFH         LINE#         65
  C:0AAFH         LINE#         66
  C:0AAFH         LINE#         67
  C:0AB2H         LINE#         68
  -------         ENDPROC       _SETCOLUMN
  -------         PROC          _SELECTSCREEN
  D:0007H         SYMBOL        screen
  C:0A4AH         LINE#         72
  C:0A4AH         LINE#         73
  C:0A4AH         LINE#         74
  C:0A53H         LINE#         75
  C:0A53H         LINE#         76
BL51 BANKED LINKER/LOCATER V6.22                                                      05/21/2025  18:59:20  PAGE 5


  C:0A55H         LINE#         77
  C:0A5AH         LINE#         78
  C:0A5FH         LINE#         79
  C:0A63H         LINE#         80
  C:0A63H         LINE#         81
  -------         ENDPROC       _SELECTSCREEN
  -------         PROC          LCD_INIT
  C:09EDH         LINE#         84
  C:09EDH         LINE#         85
  C:09EDH         LINE#         86
  C:09F0H         LINE#         87
  C:09F3H         LINE#         88
  C:09F8H         LINE#         89
  C:09FBH         LINE#         90
  C:09FDH         LINE#         91
  C:0A00H         LINE#         92
  C:0A02H         LINE#         93
  C:0A05H         LINE#         94
  C:0A0AH         LINE#         95
  -------         ENDPROC       LCD_INIT
  -------         PROC          _DISPLAY_CHAR
  D:0007H         SYMBOL        screen
  D:0009H         SYMBOL        page
  D:000AH         SYMBOL        column
  D:000BH         SYMBOL        p
  -------         DO            
  D:000EH         SYMBOL        i
  -------         ENDDO         
  C:0910H         LINE#         99
  C:0914H         LINE#         100
  C:0914H         LINE#         101
  C:0917H         LINE#         102
  C:091AH         LINE#         103
  C:091FH         LINE#         104
  C:0924H         LINE#         105
  C:0927H         LINE#         106
  C:0927H         LINE#         107
  C:0933H         LINE#         108
  C:093CH         LINE#         109
  C:0943H         LINE#         110
  C:0948H         LINE#         111
  C:094BH         LINE#         112
  C:094BH         LINE#         113
  C:095EH         LINE#         114
  C:0967H         LINE#         115
  -------         ENDPROC       _DISPLAY_CHAR
  -------         PROC          LCD_CLEARSCREEN
  C:0A91H         LINE#         118
  C:0A91H         LINE#         119
  C:0A91H         LINE#         120
  C:0A96H         LINE#         121
  -------         ENDPROC       LCD_CLEARSCREEN
  -------         PROC          _LCD_SHOWSTRING
  D:0007H         SYMBOL        screen
  D:0009H         SYMBOL        page
  D:000AH         SYMBOL        column
  D:000BH         SYMBOL        str
BL51 BANKED LINKER/LOCATER V6.22                                                      05/21/2025  18:59:20  PAGE 6


  -------         DO            
  D:000EH         SYMBOL        i
  -------         ENDDO         
  C:0968H         LINE#         125
  C:096CH         LINE#         126
  C:096CH         LINE#         127
  C:096FH         LINE#         128
  C:0972H         LINE#         129
  C:0977H         LINE#         130
  C:097CH         LINE#         131
  C:097FH         LINE#         132
  C:097FH         LINE#         133
  C:098BH         LINE#         134
  C:0994H         LINE#         135
  C:099BH         LINE#         136
  C:09A0H         LINE#         137
  C:09A3H         LINE#         138
  C:09A3H         LINE#         139
  C:09B6H         LINE#         140
  C:09BFH         LINE#         141
  -------         ENDPROC       _LCD_SHOWSTRING
  -------         ENDMOD        LCD

  -------         MODULE        ?C?CLDOPTR
  C:09C0H         PUBLIC        ?C?CLDOPTR
  -------         ENDMOD        ?C?CLDOPTR

*** WARNING L16: UNCALLED SEGMENT, IGNORED FOR OVERLAY PROCESS
    SEGMENT: ?PR?LCD_CLEARSCREEN?LCD

******************************************************************************
* RESTRICTED VERSION WITH 0800H BYTE CODE SIZE LIMIT; USED: 027CH BYTE (31%) *
******************************************************************************

Program Size: data=16.0 xdata=0 code=696
LINK/LOCATE RUN COMPLETE.  1 WARNING(S),  0 ERROR(S)
