C51 COMPILER V9.54   ______                                                                05/21/2025 19:37:25 PAGE 1   


C51 COMPILER V9.54, COMPILATION OF MODULE ______
OBJECT MODULE PLACED IN .\Objects\ µ—È∆ﬂ.obj
COMPILER INVOKED BY: F:\keil5\core\C51\BIN\C51.EXE  µ—È∆ﬂ.c OPTIMIZE(8,SPEED) BROWSE DEBUG OBJECTEXTEND PRINT(.\Listings
                    -\ µ—È∆ﬂ.lst) TABS(2) OBJECT(.\Objects\ µ—È∆ﬂ.obj)

line level    source

   1          #include "adc0809_driver.h"
   2          #include "display.h"
   3          #include <stdio.h>
   4          #include <reg52.h>
   5          uint V = 0; // Â≠òÂÇ®ADCËΩ¨Êç¢ÁªìÊûú
   6          
   7          /* ‰∏ªÂáΩÊï∞ */
   8          void main()
   9          {
  10   1          // Á≥ªÁªüÂàùÂßãÂåñ
  11   1          ADC0809_Init();
  12   1          
  13   1          while(1)
  14   1          {
  15   2              // ËØªÂèñADCÂÄºÂπ∂ÊòæÁ§∫
  16   2              V = ADC0809_Read();
  17   2              Display(V);
  18   2          }    
  19   1      }


MODULE INFORMATION:   STATIC OVERLAYABLE
   CODE SIZE        =     15    ----
   CONSTANT SIZE    =   ----    ----
   XDATA SIZE       =   ----    ----
   PDATA SIZE       =   ----    ----
   DATA SIZE        =      2    ----
   IDATA SIZE       =   ----    ----
   BIT SIZE         =   ----    ----
END OF MODULE INFORMATION.


C51 COMPILATION COMPLETE.  0 WARNING(S),  0 ERROR(S)
