BL51 BANKED LINKER/LOCATER V6.22                                                        05/14/2025  19:33:04  PAGE 1


BL51 BANKED LINKER/LOCATER V6.22, INVOKED BY:
F:\KEIL5\CORE\C51\BIN\BL51.EXE .\Objects\实验二.obj TO .\Objects\实验三 PRINT (.\Listings\实验三.m51) RAMSIZE (256)


MEMORY MODEL: SMALL


INPUT MODULES INCLUDED:
  .\Objects\实验二.obj (______)
  F:\KEIL5\CORE\C51\LIB\C51S.LIB (?C_STARTUP)
  F:\KEIL5\CORE\C51\LIB\C51S.LIB (?C_INIT)


LINK MAP OF MODULE:  .\Objects\实验三 (______)


            TYPE    BASE      LENGTH    RELOCATION   SEGMENT NAME
            -----------------------------------------------------

            * * * * * * *   D A T A   M E M O R Y   * * * * * * *
            REG     0000H     0008H     ABSOLUTE     "REG BANK 0"
            DATA    0008H     0002H     UNIT         ?DT?______
            IDATA   000AH     0001H     UNIT         ?STACK

            * * * * * * *   C O D E   M E M O R Y   * * * * * * *
            CODE    0000H     0003H     ABSOLUTE     
                    0003H     07FDH                  *** GAP ***
            CODE    0800H     008CH     UNIT         ?C_C51STARTUP
            CODE    088CH     002EH     UNIT         ?PR?SHUMAGUAN?______
            CODE    08BAH     0014H     UNIT         ?PR?_DELAY?______
            CODE    08CEH     000BH     UNIT         ?PR?MAIN?______
            CODE    08D9H     0009H     UNIT         ?PR?DELAY1MS?______
            CODE    08E2H     0009H     UNIT         ?PR?DELAY100US?______
            CODE    08EBH     0009H     UNIT         ?CO?______
            CODE    08F4H     0007H     UNIT         ?C_INITSEG



OVERLAY MAP OF MODULE:   .\Objects\实验三 (______)


SEGMENT
  +--> CALLED SEGMENT
---------------------
?C_C51STARTUP
  +--> ?PR?MAIN?______
  +--> ?C_INITSEG

?PR?MAIN?______
  +--> ?PR?SHUMAGUAN?______

?PR?SHUMAGUAN?______
  +--> ?CO?______
  +--> ?PR?_DELAY?______

?PR?_DELAY?______
  +--> ?PR?DELAY1MS?______

BL51 BANKED LINKER/LOCATER V6.22                                                      05/14/2025  19:33:04  PAGE 2




SYMBOL TABLE OF MODULE:  .\Objects\实验三 (______)

  VALUE           TYPE          NAME
  ----------------------------------

  -------         MODULE        ______
  C:0000H         SYMBOL        _ICE_DUMMY_
  D:0080H         PUBLIC        P0
  D:0090H         PUBLIC        P1
  C:08D9H         PUBLIC        Delay1ms
  C:08BAH         PUBLIC        _delay
  C:08CEH         PUBLIC        main
  D:0008H         PUBLIC        time
  C:088CH         PUBLIC        shumaguan
  C:08EBH         PUBLIC        num_code
  C:08E2H         PUBLIC        Delay100us
  D:0009H         PUBLIC        x
  -------         PROC          DELAY1MS
  -------         DO            
  D:0007H         SYMBOL        i
  D:0006H         SYMBOL        j
  -------         ENDDO         
  C:08D9H         LINE#         20
  C:08D9H         LINE#         21
  C:08D9H         LINE#         24
  C:08DBH         LINE#         25
  C:08DDH         LINE#         27
  C:08DDH         LINE#         28
  C:08DFH         LINE#         29
  C:08E1H         LINE#         30
  -------         ENDPROC       DELAY1MS
  -------         PROC          DELAY100US
  -------         DO            
  D:0007H         SYMBOL        i
  D:0006H         SYMBOL        j
  -------         ENDDO         
  C:08E2H         LINE#         32
  C:08E2H         LINE#         33
  C:08E2H         LINE#         36
  C:08E4H         LINE#         37
  C:08E6H         LINE#         39
  C:08E6H         LINE#         40
  C:08E8H         LINE#         41
  C:08EAH         LINE#         42
  -------         ENDPROC       DELAY100US
  -------         PROC          _DELAY
  D:0004H         SYMBOL        t
  C:08BAH         LINE#         44
  C:08BEH         LINE#         45
  C:08BEH         LINE#         46
  C:08C8H         LINE#         47
  C:08CBH         LINE#         48
  C:08CDH         LINE#         49
  -------         ENDPROC       _DELAY
  -------         PROC          SHUMAGUAN
BL51 BANKED LINKER/LOCATER V6.22                                                      05/14/2025  19:33:04  PAGE 3


  C:088CH         LINE#         51
  C:088CH         LINE#         52
  C:088EH         LINE#         53
  C:0893H         LINE#         54
  C:0896H         LINE#         55
  C:0896H         LINE#         57
  C:0899H         LINE#         58
  C:08ABH         LINE#         59
  C:08B3H         LINE#         60
  -------         ENDPROC       SHUMAGUAN
  -------         PROC          MAIN
  C:08CEH         LINE#         63
  C:08CEH         LINE#         64
  C:08D1H         LINE#         65
  C:08D4H         LINE#         66
  C:08D4H         LINE#         67
  C:08D7H         LINE#         68
  -------         ENDPROC       MAIN
  -------         ENDMOD        ______

*** WARNING L16: UNCALLED SEGMENT, IGNORED FOR OVERLAY PROCESS
    SEGMENT: ?PR?DELAY100US?______

******************************************************************************
* RESTRICTED VERSION WITH 0800H BYTE CODE SIZE LIMIT; USED: 006EH BYTE ( 5%) *
******************************************************************************

Program Size: data=11.0 xdata=0 code=254
LINK/LOCATE RUN COMPLETE.  1 WARNING(S),  0 ERROR(S)
