BL51 BANKED LINKER/LOCATER V6.22                                                        05/14/2025  19:26:22  PAGE 1


BL51 BANKED LINKER/LOCATER V6.22, INVOKED BY:
F:\KEIL5\CORE\C51\BIN\BL51.EXE .\Objects\STARTUP.obj, .\Objects\实验四.obj TO .\Objects\实验四 PRINT (.\Listings\实验四.
>> m51) RAMSIZE (256)


MEMORY MODEL: SMALL


INPUT MODULES INCLUDED:
  .\Objects\STARTUP.obj (?C_STARTUP)
  .\Objects\实验四.obj (______)
  F:\KEIL5\CORE\C51\LIB\C51S.LIB (?C_INIT)


LINK MAP OF MODULE:  .\Objects\实验四 (?C_STARTUP)


            TYPE    BASE      LENGTH    RELOCATION   SEGMENT NAME
            -----------------------------------------------------

            * * * * * * *   D A T A   M E M O R Y   * * * * * * *
            REG     0000H     0008H     ABSOLUTE     "REG BANK 0"
            DATA    0008H     000BH     UNIT         ?DT?______
            IDATA   0013H     0001H     UNIT         ?STACK

            * * * * * * *   C O D E   M E M O R Y   * * * * * * *
            CODE    0000H     0003H     ABSOLUTE     
            CODE    0003H     0003H     ABSOLUTE     
                    0006H     07FAH                  *** GAP ***
            CODE    0800H     008CH     UNIT         ?C_C51STARTUP
            CODE    088CH     0026H     UNIT         ?PR?MAIN?______
            CODE    08B2H     0024H     UNIT         ?PR?_DISPLAY?______
            CODE    08D6H     0014H     UNIT         ?PR?_DELAY?______
            CODE    08EAH     0010H     UNIT         ?C_INITSEG
            CODE    08FAH     0009H     UNIT         ?PR?DELAY1MS?______
            CODE    0903H     0003H     UNIT         ?PR?INT0_ISR?______



OVERLAY MAP OF MODULE:   .\Objects\实验四 (?C_STARTUP)


SEGMENT
  +--> CALLED SEGMENT
---------------------
?C_C51STARTUP
  +--> ?PR?MAIN?______
  +--> ?C_INITSEG

?PR?MAIN?______
  +--> ?PR?_DISPLAY?______
  +--> ?PR?_DELAY?______

?PR?_DISPLAY?______
  +--> ?PR?_DELAY?______

?PR?_DELAY?______
  +--> ?PR?DELAY1MS?______
BL51 BANKED LINKER/LOCATER V6.22                                                      05/14/2025  19:26:22  PAGE 2





SYMBOL TABLE OF MODULE:  .\Objects\实验四 (?C_STARTUP)

  VALUE           TYPE          NAME
  ----------------------------------

  -------         MODULE        ?C_STARTUP
  C:0800H         SEGMENT       ?C_C51STARTUP
  I:0013H         SEGMENT       ?STACK
  C:0000H         PUBLIC        ?C_STARTUP
  D:00E0H         SYMBOL        ACC
  D:00F0H         SYMBOL        B
  D:0083H         SYMBOL        DPH
  D:0082H         SYMBOL        DPL
  N:0000H         SYMBOL        IBPSTACK
  N:0100H         SYMBOL        IBPSTACKTOP
  N:0080H         SYMBOL        IDATALEN
  C:0803H         SYMBOL        IDATALOOP
  N:0000H         SYMBOL        PBPSTACK
  N:0100H         SYMBOL        PBPSTACKTOP
  N:0000H         SYMBOL        PDATALEN
  N:0000H         SYMBOL        PDATASTART
  N:0000H         SYMBOL        PPAGE
  N:0000H         SYMBOL        PPAGEENABLE
  D:00A0H         SYMBOL        PPAGE_SFR
  D:0081H         SYMBOL        SP
  C:0800H         SYMBOL        STARTUP1
  N:0000H         SYMBOL        XBPSTACK
  N:0000H         SYMBOL        XBPSTACKTOP
  N:0000H         SYMBOL        XDATALEN
  N:0000H         SYMBOL        XDATASTART
  C:0000H         LINE#         126
  C:0800H         LINE#         133
  C:0802H         LINE#         134
  C:0803H         LINE#         135
  C:0804H         LINE#         136
  C:0806H         LINE#         185
  C:0809H         LINE#         196
  -------         ENDMOD        ?C_STARTUP

  -------         MODULE        ______
  C:0000H         SYMBOL        _ICE_DUMMY_
  D:0080H         PUBLIC        P0
  D:0090H         PUBLIC        P1
  C:08FAH         PUBLIC        Delay1ms
  B:00A8H.7       PUBLIC        EA
  C:088CH         PUBLIC        main
  C:0903H         PUBLIC        int0_isr
  D:0008H         PUBLIC        seg_code
  B:00A8H.0       PUBLIC        EX0
  B:0088H.0       PUBLIC        IT0
  D:0012H         PUBLIC        int_count
  C:08B2H         PUBLIC        _Display
  C:08D6H         PUBLIC        _Delay
  -------         PROC          DELAY1MS
BL51 BANKED LINKER/LOCATER V6.22                                                      05/14/2025  19:26:22  PAGE 3


  -------         DO            
  D:0007H         SYMBOL        i
  D:0006H         SYMBOL        j
  -------         ENDDO         
  C:08FAH         LINE#         8
  C:08FAH         LINE#         9
  C:08FAH         LINE#         12
  C:08FCH         LINE#         13
  C:08FEH         LINE#         15
  C:08FEH         LINE#         16
  C:0900H         LINE#         17
  C:0902H         LINE#         18
  -------         ENDPROC       DELAY1MS
  -------         PROC          _DELAY
  D:0004H         SYMBOL        t
  C:08D6H         LINE#         20
  C:08DAH         LINE#         21
  C:08E4H         LINE#         22
  C:08E7H         LINE#         23
  C:08E9H         LINE#         24
  -------         ENDPROC       _DELAY
  -------         PROC          INT0_ISR
  C:0903H         LINE#         27
  C:0903H         LINE#         28
  C:0905H         LINE#         29
  -------         ENDPROC       INT0_ISR
  -------         PROC          _DISPLAY
  D:0007H         SYMBOL        tens
  D:0003H         SYMBOL        units
  C:08B2H         LINE#         31
  C:08B4H         LINE#         33
  C:08B7H         LINE#         34
  C:08BEH         LINE#         35
  C:08C5H         LINE#         38
  C:08C8H         LINE#         39
  C:08CFH         LINE#         40
  -------         ENDPROC       _DISPLAY
  -------         PROC          MAIN
  C:088CH         LINE#         43
  C:088CH         LINE#         44
  C:088EH         LINE#         45
  C:0890H         LINE#         46
  C:0892H         LINE#         48
  C:0892H         LINE#         49
  C:08A9H         LINE#         50
  C:08B0H         LINE#         51
  -------         ENDPROC       MAIN
  -------         ENDMOD        ______

******************************************************************************
* RESTRICTED VERSION WITH 0800H BYTE CODE SIZE LIMIT; USED: 008BH BYTE ( 6%) *
******************************************************************************

Program Size: data=20.0 xdata=0 code=268
LINK/LOCATE RUN COMPLETE.  0 WARNING(S),  0 ERROR(S)
