C51 COMPILER V9.54   DAC0832_DRIVER                                                        05/21/2025 19:55:08 PAGE 1   


C51 COMPILER V9.54, COMPILATION OF MODULE DAC0832_DRIVER
OBJECT MODULE PLACED IN .\Objects\dac0832_driver.obj
COMPILER INVOKED BY: F:\keil5\core\C51\BIN\C51.EXE dac0832_driver.c OPTIMIZE(8,SPEED) BROWSE DEBUG OBJECTEXTEND PRINT(.\
                    -Listings\dac0832_driver.lst) TABS(2) OBJECT(.\Objects\dac0832_driver.obj)

line level    source

   1          #include <reg52.h>
   2          #include "dac0832_driver.h"
   3          
   4          // DAC0832控制引脚定义
   5          sbit DAC0832_CS = P1^0;  // 片选信号
   6          sbit DAC0832_WR = P1^1;  // 写入信号
   7          sbit DAC0832_XFER = P1^2; // 传输控制信号
   8          
   9          // DAC0832初始化函数
  10          void DAC0832_Init(void)
  11          {
  12   1          DAC0832_CS = 1;
  13   1          DAC0832_WR = 1;
  14   1          DAC0832_XFER = 1;
  15   1      }
  16          
  17          // DAC0832数据转换函数
  18          void DAC0832_Convert(unsigned char value)
  19          {
  20   1          DAC0832_CS = 0;  // 选中DAC0832
  21   1          DAC0832_WR = 0;  // 允许写入
  22   1          P0 = value;      // 输出数据到P0口
  23   1          DAC0832_WR = 1;  // 锁存数据
  24   1          DAC0832_CS = 1;  // 取消选中
  25   1      }


MODULE INFORMATION:   STATIC OVERLAYABLE
   CODE SIZE        =     18    ----
   CONSTANT SIZE    =   ----    ----
   XDATA SIZE       =   ----    ----
   PDATA SIZE       =   ----    ----
   DATA SIZE        =   ----    ----
   IDATA SIZE       =   ----    ----
   BIT SIZE         =   ----    ----
END OF MODULE INFORMATION.


C51 COMPILATION COMPLETE.  0 WARNING(S),  0 ERROR(S)
