BL51 BANKED LINKER/LOCATER V6.22                                                        05/21/2025  20:02:14  PAGE 1


BL51 BANKED LINKER/LOCATER V6.22, INVOKED BY:
F:\KEIL5\CORE\C51\BIN\BL51.EXE .\Objects\实验八.obj, .\Objects\app_waveform.obj, .\Objects\dac0832_driver.obj TO .\Objec
>> ts\实验八 PRINT (.\Listings\实验八.m51)


MEMORY MODEL: SMALL


INPUT MODULES INCLUDED:
  .\Objects\实验八.obj (______)
  .\Objects\app_waveform.obj (APP_WAVEFORM)
  .\Objects\dac0832_driver.obj (DAC0832_DRIVER)
  F:\KEIL5\CORE\C51\LIB\C51S.LIB (?C_STARTUP)
  F:\KEIL5\CORE\C51\LIB\C51S.LIB (?C_INIT)


LINK MAP OF MODULE:  .\Objects\实验八 (______)


            TYPE    BASE      LENGTH    RELOCATION   SEGMENT NAME
            -----------------------------------------------------

            * * * * * * *   D A T A   M E M O R Y   * * * * * * *
            REG     0000H     0008H     ABSOLUTE     "REG BANK 0"
            DATA    0008H     0002H     UNIT         ?DT?APP_WAVEFORM
            DATA    000AH     0001H     UNIT         ?DT?______
                    000BH     0015H                  *** GAP ***
            BIT     0020H.0   0000H.1   UNIT         ?BI?APP_WAVEFORM
                    0020H.1   0000H.7                *** GAP ***
            IDATA   0021H     0001H     UNIT         ?STACK

            * * * * * * *   C O D E   M E M O R Y   * * * * * * *
            CODE    0000H     0003H     ABSOLUTE     
                    0003H     0008H                  *** GAP ***
            CODE    000BH     0003H     ABSOLUTE     
                    000EH     07F2H                  *** GAP ***
            CODE    0800H     008CH     UNIT         ?C_C51STARTUP
            CODE    088CH     0032H     UNIT         ?PR?GENERATEWAVEFORM?APP_WAVEFORM
            CODE    08BEH     001BH     UNIT         ?PR?MAIN?______
            CODE    08D9H     000FH     UNIT         ?PR?TIMER_0?______
            CODE    08E8H     000BH     UNIT         ?PR?_DAC0832_CONVERT?DAC0832_DRIVER
            CODE    08F3H     0009H     UNIT         ?C_INITSEG
            CODE    08FCH     0007H     UNIT         ?PR?DAC0832_INIT?DAC0832_DRIVER



OVERLAY MAP OF MODULE:   .\Objects\实验八 (______)


SEGMENT
  +--> CALLED SEGMENT
---------------------
?C_C51STARTUP
  +--> ?PR?MAIN?______
  +--> ?C_INITSEG

?PR?MAIN?______
  +--> ?PR?DAC0832_INIT?DAC0832_DRIVER
BL51 BANKED LINKER/LOCATER V6.22                                                      05/21/2025  20:02:14  PAGE 2


  +--> ?PR?GENERATEWAVEFORM?APP_WAVEFORM

?PR?GENERATEWAVEFORM?APP_WAVEFORM
  +--> ?PR?_DAC0832_CONVERT?DAC0832_DRIVER



SYMBOL TABLE OF MODULE:  .\Objects\实验八 (______)

  VALUE           TYPE          NAME
  ----------------------------------

  -------         MODULE        ______
  C:0000H         SYMBOL        _ICE_DUMMY_
  D:0090H         PUBLIC        P1
  D:00B0H         PUBLIC        P3
  B:00A8H.7       PUBLIC        EA
  D:00A8H         PUBLIC        IE
  D:00B8H         PUBLIC        IP
  C:08BEH         PUBLIC        main
  C:08D9H         PUBLIC        timer_0
  D:0098H         PUBLIC        SCON
  D:0089H         PUBLIC        TMOD
  D:0088H         PUBLIC        TCON
  D:000AH         PUBLIC        timer0_peroid
  B:00A8H.1       PUBLIC        ET0
  D:008CH         PUBLIC        TH0
  D:008AH         PUBLIC        TL0
  B:00B8H.1       PUBLIC        PT0
  B:0088H.4       PUBLIC        TR0
  D:00C8H         PUBLIC        T2CON
  D:00D0H         PUBLIC        PSW
  -------         PROC          MAIN
  C:08BEH         LINE#         9
  C:08BEH         LINE#         10
  C:08BEH         LINE#         11
  C:08C1H         LINE#         12
  C:08C4H         LINE#         13
  C:08CAH         LINE#         14
  C:08CCH         LINE#         15
  C:08CEH         LINE#         16
  C:08D0H         LINE#         17
  C:08D2H         LINE#         18
  C:08D4H         LINE#         20
  C:08D4H         LINE#         21
  C:08D4H         LINE#         22
  C:08D7H         LINE#         23
  -------         ENDPROC       MAIN
  -------         PROC          TIMER_0
  C:08D9H         LINE#         27
  C:08DBH         LINE#         29
  C:08E1H         LINE#         30
  C:08E3H         LINE#         31
  C:08E5H         LINE#         32
  -------         ENDPROC       TIMER_0
  -------         ENDMOD        ______

BL51 BANKED LINKER/LOCATER V6.22                                                      05/21/2025  20:02:14  PAGE 3


  -------         MODULE        APP_WAVEFORM
  C:0000H         SYMBOL        _ICE_DUMMY_
  D:0009H         PUBLIC        counter
  B:0020H.0       PUBLIC        flag
  C:088CH         PUBLIC        GenerateWaveform
  -------         PROC          GENERATEWAVEFORM
  -------         DO            
  D:0008H         SYMBOL        i
  -------         ENDDO         
  C:088CH         LINE#         7
  C:088CH         LINE#         8
  C:088CH         LINE#         11
  C:0892H         LINE#         12
  C:0892H         LINE#         13
  C:0894H         LINE#         14
  C:0897H         LINE#         15
  C:0897H         LINE#         16
  C:0899H         LINE#         17
  C:0899H         LINE#         18
  C:089EH         LINE#         19
  C:08A7H         LINE#         20
  C:08A9H         LINE#         21
  C:08AAH         LINE#         23
  C:08AAH         LINE#         24
  C:08ADH         LINE#         25
  C:08ADH         LINE#         26
  C:08B2H         LINE#         27
  C:08BBH         LINE#         28
  C:08BDH         LINE#         29
  C:08BDH         LINE#         30
  C:08BDH         LINE#         31
  -------         ENDPROC       GENERATEWAVEFORM
  -------         ENDMOD        APP_WAVEFORM

  -------         MODULE        DAC0832_DRIVER
  C:0000H         SYMBOL        _ICE_DUMMY_
  D:0080H         PUBLIC        P0
  D:0090H         PUBLIC        P1
  D:00B0H         PUBLIC        P3
  B:0090H.0       PUBLIC        DAC0832_CS
  C:08FCH         PUBLIC        DAC0832_Init
  D:00A8H         PUBLIC        IE
  D:00B8H         PUBLIC        IP
  B:0090H.1       PUBLIC        DAC0832_WR
  B:0090H.2       PUBLIC        DAC0832_XFER
  D:0098H         PUBLIC        SCON
  D:0088H         PUBLIC        TCON
  C:08E8H         PUBLIC        _DAC0832_Convert
  D:00C8H         PUBLIC        T2CON
  D:00D0H         PUBLIC        PSW
  -------         PROC          DAC0832_INIT
  C:08FCH         LINE#         10
  C:08FCH         LINE#         11
  C:08FCH         LINE#         12
  C:08FEH         LINE#         13
  C:0900H         LINE#         14
  C:0902H         LINE#         15
BL51 BANKED LINKER/LOCATER V6.22                                                      05/21/2025  20:02:14  PAGE 4


  -------         ENDPROC       DAC0832_INIT
  -------         PROC          _DAC0832_CONVERT
  D:0007H         SYMBOL        value
  C:08E8H         LINE#         18
  C:08E8H         LINE#         19
  C:08E8H         LINE#         20
  C:08EAH         LINE#         21
  C:08ECH         LINE#         22
  C:08EEH         LINE#         23
  C:08F0H         LINE#         24
  C:08F2H         LINE#         25
  -------         ENDPROC       _DAC0832_CONVERT
  -------         ENDMOD        DAC0832_DRIVER

******************************************************************************
* RESTRICTED VERSION WITH 0800H BYTE CODE SIZE LIMIT; USED: 0079H BYTE ( 5%) *
******************************************************************************

Program Size: data=12.1 xdata=0 code=265
LINK/LOCATE RUN COMPLETE.  0 WARNING(S),  0 ERROR(S)
