BL51 BANKED LINKER/LOCATER V6.22                                                        05/14/2025  15:10:35  PAGE 1


BL51 BANKED LINKER/LOCATER V6.22, INVOKED BY:
F:\KEIL5\CORE\C51\BIN\BL51.EXE .\Objects\STARTUP.obj, .\Objects\实验二风标.obj TO .\Objects\实验二江科大 PRINT (.\Listin
>> gs\实验二江科大.m51) RAMSIZE (256)


MEMORY MODEL: SMALL


INPUT MODULES INCLUDED:
  .\Objects\STARTUP.obj (?C_STARTUP)
  .\Objects\实验二风标.obj (__________)


LINK MAP OF MODULE:  .\Objects\实验二江科大 (?C_STARTUP)


            TYPE    BASE      LENGTH    RELOCATION   SEGMENT NAME
            -----------------------------------------------------

            * * * * * * *   D A T A   M E M O R Y   * * * * * * *
            REG     0000H     0008H     ABSOLUTE     "REG BANK 0"
            DATA    0008H     0002H     UNIT         _DATA_GROUP_
            IDATA   000AH     0001H     UNIT         ?STACK

            * * * * * * *   C O D E   M E M O R Y   * * * * * * *
            CODE    0000H     0003H     ABSOLUTE     
                    0003H     07FDH                  *** GAP ***
            CODE    0800H     002CH     UNIT         ?PR?MAIN?__________
            CODE    082CH     0020H     UNIT         ?PR?_DELAY?__________
            CODE    084CH     000CH     UNIT         ?C_C51STARTUP



OVERLAY MAP OF MODULE:   .\Objects\实验二江科大 (?C_STARTUP)


SEGMENT                          DATA_GROUP 
  +--> CALLED SEGMENT          START    LENGTH
----------------------------------------------
?C_C51STARTUP                  -----    -----
  +--> ?PR?MAIN?__________

?PR?MAIN?__________            0008H    0002H
  +--> ?PR?_DELAY?__________



SYMBOL TABLE OF MODULE:  .\Objects\实验二江科大 (?C_STARTUP)

  VALUE           TYPE          NAME
  ----------------------------------

  -------         MODULE        ?C_STARTUP
  C:084CH         SEGMENT       ?C_C51STARTUP
  I:000AH         SEGMENT       ?STACK
  C:0000H         PUBLIC        ?C_STARTUP
  D:00E0H         SYMBOL        ACC
  D:00F0H         SYMBOL        B
BL51 BANKED LINKER/LOCATER V6.22                                                      05/14/2025  15:10:35  PAGE 2


  D:0083H         SYMBOL        DPH
  D:0082H         SYMBOL        DPL
  N:0000H         SYMBOL        IBPSTACK
  N:0100H         SYMBOL        IBPSTACKTOP
  N:0080H         SYMBOL        IDATALEN
  C:084FH         SYMBOL        IDATALOOP
  N:0000H         SYMBOL        PBPSTACK
  N:0100H         SYMBOL        PBPSTACKTOP
  N:0000H         SYMBOL        PDATALEN
  N:0000H         SYMBOL        PDATASTART
  N:0000H         SYMBOL        PPAGE
  N:0000H         SYMBOL        PPAGEENABLE
  D:00A0H         SYMBOL        PPAGE_SFR
  D:0081H         SYMBOL        SP
  C:084CH         SYMBOL        STARTUP1
  N:0000H         SYMBOL        XBPSTACK
  N:0000H         SYMBOL        XBPSTACKTOP
  N:0000H         SYMBOL        XDATALEN
  N:0000H         SYMBOL        XDATASTART
  C:0000H         LINE#         126
  C:084CH         LINE#         133
  C:084EH         LINE#         134
  C:084FH         LINE#         135
  C:0850H         LINE#         136
  C:0852H         LINE#         185
  C:0855H         LINE#         196
  -------         ENDMOD        ?C_STARTUP

  -------         MODULE        __________
  C:0000H         SYMBOL        _ICE_DUMMY_
  D:0080H         PUBLIC        P0
  C:082CH         PUBLIC        _delay
  C:0800H         PUBLIC        main
  -------         PROC          _DELAY
  D:0006H         SYMBOL        time
  -------         DO            
  D:0004H         SYMBOL        i
  D:0002H         SYMBOL        j
  -------         ENDDO         
  C:082CH         LINE#         4
  C:082CH         LINE#         6
  C:0836H         LINE#         7
  C:0844H         LINE#         8
  C:084BH         LINE#         9
  -------         ENDPROC       _DELAY
  -------         PROC          MAIN
  -------         DO            
  D:0008H         SYMBOL        i
  -------         ENDDO         
  C:0800H         LINE#         11
  C:0800H         LINE#         13
  C:0803H         LINE#         14
  C:0809H         LINE#         15
  C:080CH         LINE#         16
  C:080CH         LINE#         17
  C:080CH         LINE#         18
  C:0811H         LINE#         19
BL51 BANKED LINKER/LOCATER V6.22                                                      05/14/2025  15:10:35  PAGE 3


  C:0814H         LINE#         20
  C:081BH         LINE#         21
  C:081DH         LINE#         22
  C:081DH         LINE#         23
  C:0823H         LINE#         24
  C:082AH         LINE#         25
  C:082AH         LINE#         26
  -------         ENDPROC       MAIN
  -------         ENDMOD        __________

******************************************************************************
* RESTRICTED VERSION WITH 0800H BYTE CODE SIZE LIMIT; USED: 005BH BYTE ( 4%) *
******************************************************************************

Program Size: data=11.0 xdata=0 code=91
LINK/LOCATE RUN COMPLETE.  0 WARNING(S),  0 ERROR(S)
