BL51 BANKED LINKER/LOCATER V6.22                                                        05/14/2025  14:47:39  PAGE 1


BL51 BANKED LINKER/LOCATER V6.22, INVOKED BY:
F:\KEIL5\CORE\C51\BIN\BL51.EXE .\Objects\STARTUP.obj, .\Objects\code.obj TO .\Objects\实验二 PRINT (.\Listings\实验二.m5
>> 1) RAMSIZE (256)


MEMORY MODEL: SMALL


INPUT MODULES INCLUDED:
  .\Objects\STARTUP.obj (?C_STARTUP)
  .\Objects\code.obj (CODE)
  F:\KEIL5\CORE\C51\LIB\C51S.LIB (?C_INIT)


LINK MAP OF MODULE:  .\Objects\实验二 (?C_STARTUP)


            TYPE    BASE      LENGTH    RELOCATION   SEGMENT NAME
            -----------------------------------------------------

            * * * * * * *   D A T A   M E M O R Y   * * * * * * *
            REG     0000H     0008H     ABSOLUTE     "REG BANK 0"
            DATA    0008H     0002H     UNIT         ?DT?CODE
            IDATA   000AH     0001H     UNIT         ?STACK

            * * * * * * *   C O D E   M E M O R Y   * * * * * * *
            CODE    0000H     0003H     ABSOLUTE     
                    0003H     07FDH                  *** GAP ***
            CODE    0800H     008CH     UNIT         ?C_C51STARTUP
            CODE    088CH     0058H     UNIT         ?PR?BRIGHTNESS_DELAY?CODE
            CODE    08E4H     003DH     UNIT         ?PR?CHECK_KEYS?CODE
            CODE    0921H     0024H     UNIT         ?PR?_DELAY?CODE
            CODE    0945H     0017H     UNIT         ?PR?MAIN?CODE
            CODE    095CH     0012H     UNIT         ?PR?UPDATE_LED_PATTERN?CODE
            CODE    096EH     0007H     UNIT         ?C_INITSEG



OVERLAY MAP OF MODULE:   .\Objects\实验二 (?C_STARTUP)


SEGMENT
  +--> CALLED SEGMENT
---------------------
?C_C51STARTUP
  +--> ?PR?MAIN?CODE
  +--> ?C_INITSEG

?PR?MAIN?CODE
  +--> ?PR?BRIGHTNESS_DELAY?CODE
  +--> ?PR?CHECK_KEYS?CODE
  +--> ?PR?UPDATE_LED_PATTERN?CODE

?PR?BRIGHTNESS_DELAY?CODE
  +--> ?PR?_DELAY?CODE

?PR?CHECK_KEYS?CODE
  +--> ?PR?_DELAY?CODE
BL51 BANKED LINKER/LOCATER V6.22                                                      05/14/2025  14:47:39  PAGE 2





SYMBOL TABLE OF MODULE:  .\Objects\实验二 (?C_STARTUP)

  VALUE           TYPE          NAME
  ----------------------------------

  -------         MODULE        ?C_STARTUP
  C:0800H         SEGMENT       ?C_C51STARTUP
  I:000AH         SEGMENT       ?STACK
  C:0000H         PUBLIC        ?C_STARTUP
  D:00E0H         SYMBOL        ACC
  D:00F0H         SYMBOL        B
  D:0083H         SYMBOL        DPH
  D:0082H         SYMBOL        DPL
  N:0000H         SYMBOL        IBPSTACK
  N:0100H         SYMBOL        IBPSTACKTOP
  N:0080H         SYMBOL        IDATALEN
  C:0803H         SYMBOL        IDATALOOP
  N:0000H         SYMBOL        PBPSTACK
  N:0100H         SYMBOL        PBPSTACKTOP
  N:0000H         SYMBOL        PDATALEN
  N:0000H         SYMBOL        PDATASTART
  N:0000H         SYMBOL        PPAGE
  N:0000H         SYMBOL        PPAGEENABLE
  D:00A0H         SYMBOL        PPAGE_SFR
  D:0081H         SYMBOL        SP
  C:0800H         SYMBOL        STARTUP1
  N:0000H         SYMBOL        XBPSTACK
  N:0000H         SYMBOL        XBPSTACKTOP
  N:0000H         SYMBOL        XDATALEN
  N:0000H         SYMBOL        XDATASTART
  C:0000H         LINE#         126
  C:0800H         LINE#         133
  C:0802H         LINE#         134
  C:0803H         LINE#         135
  C:0804H         LINE#         136
  C:0806H         LINE#         185
  C:0809H         LINE#         196
  -------         ENDMOD        ?C_STARTUP

  -------         MODULE        CODE
  C:0000H         SYMBOL        _ICE_DUMMY_
  D:0090H         PUBLIC        P1
  C:095CH         PUBLIC        update_led_pattern
  D:00A0H         PUBLIC        P2
  D:00B0H         PUBLIC        P3
  C:0925H         PUBLIC        _delay
  D:0008H         PUBLIC        led_pattern
  B:00B0H.0       PUBLIC        KEY1
  B:00B0H.1       PUBLIC        KEY2
  B:00B0H.2       PUBLIC        KEY3
  B:00B0H.3       PUBLIC        KEY4
  C:08E4H         PUBLIC        check_keys
  C:0945H         PUBLIC        main
  C:088CH         PUBLIC        brightness_delay
BL51 BANKED LINKER/LOCATER V6.22                                                      05/14/2025  14:47:39  PAGE 3


  D:0009H         PUBLIC        brightness
  C:0921H         SYMBOL        L?0046
  -------         PROC          L?0045
  -------         ENDPROC       L?0045
  C:0921H         SYMBOL        L?0046
  -------         PROC          _DELAY
  D:0006H         SYMBOL        time
  -------         DO            
  D:0004H         SYMBOL        i
  D:0002H         SYMBOL        j
  -------         ENDDO         
  C:0925H         LINE#         17
  C:0925H         LINE#         19
  C:092FH         LINE#         20
  C:0944H         LINE#         21
  -------         ENDPROC       _DELAY
  -------         PROC          CHECK_KEYS
  C:08E4H         LINE#         24
  C:08E4H         LINE#         26
  C:08E7H         LINE#         27
  C:08EAH         LINE#         28
  C:08EDH         LINE#         29
  C:08F0H         LINE#         30
  C:08F3H         LINE#         31
  C:08F3H         LINE#         32
  C:08F3H         LINE#         35
  C:08F6H         LINE#         36
  C:08F9H         LINE#         37
  C:08FCH         LINE#         38
  C:08FFH         LINE#         39
  C:0902H         LINE#         40
  C:0902H         LINE#         41
  C:0902H         LINE#         44
  C:0905H         LINE#         45
  C:0908H         LINE#         46
  C:090BH         LINE#         47
  C:090EH         LINE#         48
  C:0911H         LINE#         49
  C:0911H         LINE#         50
  C:0911H         LINE#         53
  C:0914H         LINE#         54
  C:0917H         LINE#         55
  C:091AH         LINE#         56
  C:091DH         LINE#         57
  C:0920H         LINE#         58
  C:0920H         LINE#         59
  C:0920H         LINE#         60
  -------         ENDPROC       CHECK_KEYS
  -------         PROC          BRIGHTNESS_DELAY
  -------         DO            
  D:0082H         SYMBOL        i
  -------         ENDDO         
  C:088CH         LINE#         63
  C:088CH         LINE#         67
  C:088FH         LINE#         68
  C:089FH         LINE#         69
  C:089FH         LINE#         70
BL51 BANKED LINKER/LOCATER V6.22                                                      05/14/2025  14:47:39  PAGE 4


  C:08A2H         LINE#         71
  C:08A9H         LINE#         72
  C:08ACH         LINE#         73
  C:08AEH         LINE#         74
  C:08B0H         LINE#         76
  C:08B0H         LINE#         77
  C:08B3H         LINE#         78
  C:08BAH         LINE#         79
  C:08BDH         LINE#         80
  C:08BDH         LINE#         81
  C:08BFH         LINE#         83
  C:08BFH         LINE#         84
  C:08C2H         LINE#         85
  C:08C9H         LINE#         86
  C:08CCH         LINE#         87
  C:08CEH         LINE#         88
  C:08D0H         LINE#         90
  C:08D0H         LINE#         91
  C:08D3H         LINE#         92
  C:08DAH         LINE#         93
  C:08DAH         LINE#         94
  C:08DAH         LINE#         95
  C:08E3H         LINE#         96
  -------         ENDPROC       BRIGHTNESS_DELAY
  -------         PROC          UPDATE_LED_PATTERN
  C:095CH         LINE#         99
  C:095CH         LINE#         101
  C:0961H         LINE#         102
  C:0964H         LINE#         103
  C:0965H         LINE#         105
  C:096DH         LINE#         106
  C:096DH         LINE#         107
  -------         ENDPROC       UPDATE_LED_PATTERN
  -------         PROC          MAIN
  C:0945H         LINE#         109
  C:0945H         LINE#         110
  C:0948H         LINE#         111
  C:094BH         LINE#         114
  C:094EH         LINE#         115
  C:0951H         LINE#         117
  C:0951H         LINE#         118
  C:0954H         LINE#         119
  C:0957H         LINE#         120
  C:095AH         LINE#         121
  -------         ENDPROC       MAIN
  -------         ENDMOD        CODE

******************************************************************************
* RESTRICTED VERSION WITH 0800H BYTE CODE SIZE LIMIT; USED: 00F7H BYTE (12%) *
******************************************************************************

Program Size: data=11.0 xdata=0 code=376
LINK/LOCATE RUN COMPLETE.  0 WARNING(S),  0 ERROR(S)
