C51 COMPILER V9.54   MAIN                                                                  05/14/2025 16:19:56 PAGE 1   


C51 COMPILER V9.54, COMPILATION OF MODULE MAIN
OBJECT MODULE PLACED IN .\Objects\main.obj
COMPILER INVOKED BY: F:\keil5\core\C51\BIN\C51.EXE main.c OPTIMIZE(8,SPEED) BROWSE DEBUG OBJECTEXTEND PRINT(.\Listings\m
                    -ain.lst) TABS(2) OBJECT(.\Objects\main.obj)

line level    source

   1          /* Main.c file generated by New Project wizard
   2           *
   3           * Created:   周日 5月 11 2025
   4           * Processor: AT89C52
   5           * ComPiler:  Keil for 8051
   6           */
   7          #include <reg51.h>
   8          #include <stdio.h>
   9           
  10          // 延时函数，单位为毫秒
  11          void delay_ms(unsigned int ms)
  12          {
  13   1          unsigned int i, j;
  14   1          for (i = 0; i < ms; i++)
  15   1              for (j = 0; j < 120; j++);
  16   1      }
  17           
  18          unsigned char a;
  19           
  20          // 主函数，程序入口
  21          void main(void)
  22          {
  23   1          P0 = ~0x01;   // 低电平有效，亮第一个灯
  24   1          while (1)
  25   1          {
  26   2              if ((P1 & 0x02) == 0) // 检测P1.1按键
  27   2              {
  28   3                  delay_ms(50); // 延时去抖动
  29   3                  if ((P1 & 0x02) == 0) // 再次确认按键是否按下
  30   3                  {
  31   4                      while ((P1 & 0x02) == 0); // 等待按键释放
  32   4                      delay_ms(50); // 再次延时去抖动
  33   4                      a++;
  34   4                      if (a >= 8)
  35   4                          a = 0;
  36   4                      P0 = ~(0x01 << a);
  37   4                  }
  38   3              }
  39   2       
  40   2              if ((P1 & 0x01) == 0) // 检测P1.0按键
  41   2              {
  42   3                  delay_ms(50); // 延时去抖动
  43   3                  if ((P1 & 0x01) == 0) // 再次确认按键是否按下
  44   3                  {
  45   4                      while ((P1 & 0x01) == 0); // 等待按键释放
  46   4                      delay_ms(50); // 再次延时去抖动
  47   4                      if (a == 0)
  48   4                          a = 7;
  49   4                      else
  50   4                          a--;
  51   4                      P0 = ~(0x01 << a);
  52   4                  }
  53   3              }
  54   2          }
C51 COMPILER V9.54   MAIN                                                                  05/14/2025 16:19:56 PAGE 2   

  55   1      }


MODULE INFORMATION:   STATIC OVERLAYABLE
   CODE SIZE        =    138    ----
   CONSTANT SIZE    =   ----    ----
   XDATA SIZE       =   ----    ----
   PDATA SIZE       =   ----    ----
   DATA SIZE        =      1    ----
   IDATA SIZE       =   ----    ----
   BIT SIZE         =   ----    ----
END OF MODULE INFORMATION.


C51 COMPILATION COMPLETE.  0 WARNING(S),  0 ERROR(S)
